// Jest Snapshot v1, https://goo.gl/fbAQLP

exports[`Home renders the home component correctly 1`] = `
<div>
  <div
    className="header"
  >
    <h1>
      Math Magicians
    </h1>
    <div
      className="navbar"
    >
      <a
        href="/"
        onClick={[Function]}
      >
        Home 
      </a>
      <a
        href="/calculator"
        onClick={[Function]}
      >
        Calculator 
      </a>
      <a
        href="/quote"
        onClick={[Function]}
      >
        Quote 
      </a>
    </div>
  </div>
  <div
    className="content"
  >
    <h3>
      Welcome to our site
    </h3>
    <div>
      <p>
        Lorem ipsum dolor sit amet, consectetur adipiscing elit, sed do eiusmod tempor incididunt ut labore et dolore magna aliqua. Ut enim ad minim veniam, quis nostrud exercitation ullamco laboris nisi ut aliquip ex ea commodo consequat. Duis aute irure dolor in reprehenderit in voluptate velit esse cillum dolore eu fugiat nulla pariatur. Excepteur sint occaecat cupidatat non proident, sunt in culpa qui officia deserunt mollit anim id est laborum.
      </p>
    </div>
  </div>
</div>
`;
